[dotenv@17.2.3] injecting env (11) from .env.test -- tip: 🗂️ backup and recover secrets: https://dotenvx.com/ops

Running 2 tests using 1 worker

[dotenv@17.2.3] injecting env (0) from .env.test -- tip: 🔄 add secrets lifecycle management: https://dotenvx.com/ops
  ✓  1 [p1-chromium] › e2e/tests/p1-baseline/common/cookie-session.spec.ts:9:7 › Cookie・セッション管理 › ログイン → Supabase Session Cookieの保持確認 (3.5s)
  ✓  2 [p1-chromium] › e2e/tests/p1-baseline/common/cookie-session.spec.ts:31:7 › Cookie・セッション管理 › ドメイン間でのCookie共有確認 (2.8s)

  2 passed (6.6s)

To open last HTML report run:
[36m[39m
[36m  pnpm exec playwright show-report[39m
[36m[39m
